
> frontend@0.0.0 build
> tsc -b && vite build

src/dashboards/CourseMasterDashboard.tsx(4,69): error TS6133: 'Trash2' is declared but its value is never read.
src/dashboards/HODDashboard.tsx(5,88): error TS6133: 'Trash2' is declared but its value is never read.
src/dashboards/HODDashboard.tsx(5,96): error TS6133: 'Settings' is declared but its value is never read.
src/dashboards/TrainerDashboard.tsx(5,84): error TS6133: 'Edit2' is declared but its value is never read.
src/dashboards/TrainerDashboard.tsx(5,91): error TS6133: 'Trash2' is declared but its value is never read.
