
> frontend@0.0.0 build
> tsc -b && vite build

src/dashboards/LessonViewer.tsx(8,29): error TS6133: 'Clock' is declared but its value is never read.
src/dashboards/LessonViewer.tsx(8,36): error TS6133: 'Star' is declared but its value is never read.
